<!DOCTYPE html><html âš¡>
<head>
    <title>With Image</title>
<link rel="canonical" href="https://example.com/foo/bar"><meta charset="utf-8"><meta content="width=device-width,minimum-scale=1" name="viewport"><style amp-boilerplate>body{-webkit-animation:-amp-start 8s steps(1,end) 0s 1 normal both;-moz-animation:-amp-start 8s steps(1,end) 0s 1 normal both;-ms-animation:-amp-start 8s steps(1,end) 0s 1 normal both;animation:-amp-start 8s steps(1,end) 0s 1 normal both}@-webkit-keyframes -amp-start{from{visibility:hidden}to{visibility:visible}}@-moz-keyframes -amp-start{from{visibility:hidden}to{visibility:visible}}@-ms-keyframes -amp-start{from{visibility:hidden}to{visibility:visible}}@-o-keyframes -amp-start{from{visibility:hidden}to{visibility:visible}}@keyframes -amp-start{from{visibility:hidden}to{visibility:visible}}</style><script async src="https://cdn.ampproject.org/v0.js"></script><noscript><style amp-boilerplate>body{-webkit-animation:none;-moz-animation:none;-ms-animation:none;animation:none}</style><!--from: noscript enclosure for boilerplate--></noscript></head>
<body>
<h1>With Image</h1>
<amp-img src="./cat.jpg" width="1200" height="800" layout="responsive"></amp-img>
</body>
</html>
