<!DOCTYPE html><html âš¡>
<head>
    <title>With CSS</title>
    <!-- replaced: style tag -->
    <!-- replaced: style tag -->
<style amp-custom>span.h2a-span-43fe289185{color: red}
/* from style tag */

        .funky { color: blue; }
    
/* from style tag */

        span { font-weight: bold; }
    
</style><link rel="canonical" href="https://example.com/foo/bar"><meta charset="utf-8"><meta content="width=device-width,minimum-scale=1" name="viewport"><style amp-boilerplate>body{-webkit-animation:-amp-start 8s steps(1,end) 0s 1 normal both;-moz-animation:-amp-start 8s steps(1,end) 0s 1 normal both;-ms-animation:-amp-start 8s steps(1,end) 0s 1 normal both;animation:-amp-start 8s steps(1,end) 0s 1 normal both}@-webkit-keyframes -amp-start{from{visibility:hidden}to{visibility:visible}}@-moz-keyframes -amp-start{from{visibility:hidden}to{visibility:visible}}@-ms-keyframes -amp-start{from{visibility:hidden}to{visibility:visible}}@-o-keyframes -amp-start{from{visibility:hidden}to{visibility:visible}}@keyframes -amp-start{from{visibility:hidden}to{visibility:visible}}</style><script async src="https://cdn.ampproject.org/v0.js"></script><noscript><style amp-boilerplate>body{-webkit-animation:none;-moz-animation:none;-ms-animation:none;animation:none}</style><!--from: noscript enclosure for boilerplate--></noscript></head>
<body>
<h1>With CSS</h1>
<span class="funky">FOO!</span>
<span class="h2a-span-43fe289185">red</span>
</body>
</html>
